Warning: Design 'alu_16bit' has '4' unresolved references. For more detailed information, use the "link" command. (UID-341)
 
****************************************
Report : area
Design : alu_16bit
Version: V-2023.12-SP5
Date   : Mon Dec 16 18:53:49 2024
****************************************

Information: Updating design information... (UID-85)
Library(s) Used:

    saed32lvt_tt0p85v25c (File: /cae/apps/data/saed32_edk-2022/lib/stdcell_lvt/db_nldm/saed32lvt_tt0p85v25c.db)

Number of ports:                           54
Number of nets:                           355
Number of cells:                          231
Number of combinational cells:            193
Number of sequential cells:                32
Number of macros/black boxes:               0
Number of buf/inv:                         26
Number of references:                      31

Combinational area:                464.829375
Buf/Inv area:                       33.292864
Noncombinational area:               0.000000
Macro/Black Box area:                0.000000
Net Interconnect area:             193.533763

Total cell area:                   464.829375
Total area:                        658.363138

Information: This design contains black box (unknown) components. (RPT-8)
1
